// Jest Snapshot v1, https://goo.gl/fbAQLP

exports[`snapshot 1`] = `
<div
  class="jsx-3340093321 "
>
  <h1
    data-testid="test-heading"
  >
    Test Heading
  </h1>
</div>
`;
